Traceback (most recent call last):
  File "C:\Users\Fatihul Umam\AppData\Local\Programs\Python\Python313\Lib\site-packages\jupyter_cache\executors\utils.py", line 58, in single_nb_execution
    executenb(
    ~~~~~~~~~^
        nb,
        ^^^
    ...<4 lines>...
        **kwargs,
        ^^^^^^^^^
    )
    ^
  File "C:\Users\Fatihul Umam\AppData\Local\Programs\Python\Python313\Lib\site-packages\nbclient\client.py", line 1323, in execute
    return NotebookClient(nb=nb, resources=resources, km=km, **kwargs).execute()
           ~~~~~~~~~~~~~~~~~~~~~~~~~~~~~~~~~~~~~~~~~~~~~~~~~~~~~~~~~~~~~~~~~~~^^
  File "C:\Users\Fatihul Umam\AppData\Local\Programs\Python\Python313\Lib\site-packages\jupyter_core\utils\__init__.py", line 165, in wrapped
    return loop.run_until_complete(inner)
           ~~~~~~~~~~~~~~~~~~~~~~~^^^^^^^
  File "C:\Users\Fatihul Umam\AppData\Local\Programs\Python\Python313\Lib\asyncio\base_events.py", line 721, in run_until_complete
    return future.result()
           ~~~~~~~~~~~~~^^
  File "C:\Users\Fatihul Umam\AppData\Local\Programs\Python\Python313\Lib\site-packages\nbclient\client.py", line 709, in async_execute
    await self.async_execute_cell(
        cell, index, execution_count=self.code_cells_executed + 1
    )
  File "C:\Users\Fatihul Umam\AppData\Local\Programs\Python\Python313\Lib\site-packages\nbclient\client.py", line 1062, in async_execute_cell
    await self._check_raise_for_error(cell, cell_index, exec_reply)
  File "C:\Users\Fatihul Umam\AppData\Local\Programs\Python\Python313\Lib\site-packages\nbclient\client.py", line 918, in _check_raise_for_error
    raise CellExecutionError.from_cell_and_msg(cell, exec_reply_content)
nbclient.exceptions.CellExecutionError: An error occurred while executing the following cell:
------------------
import pandas as pd
import numpy as np
import inspect
import tsfel.feature_extraction.features as tsfel_features

# ---------- 1. Muat 1 file CSV utama yang berisi semua polutan ----------
# Sesuaikan nama file jika berbeda (misal: 'mystorage/Kerek-Clean.csv')
df = pd.read_csv('mystorage/KualitasUdaraKerek_FinalClean.csv')

df['date'] = pd.to_datetime(df['date'])
df = df.sort_values('date').reset_index(drop=True)

pollutants = ['NO2', 'SO2', 'CO']
fs = 1

# ---------- 2. Daftar PERSIS 68 fitur yang diminta ----------
FEATURE_LIST = """abs_energy auc autocorr average_power calc_centroid calc_max calc_mean
calc_median calc_min calc_std calc_var dfa distance ecdf ecdf_percentile ecdf_percentile_count
ecdf_slope entropy fundamental_frequency higuchi_fractal_dimension hist_mode human_range_energy
hurst_exponent interq_range kurtosis lempel_ziv lpcc max_frequency max_power_spectrum
maximum_fractal_length mean_abs_deviation mean_abs_diff mean_diff median_abs_deviation
median_abs_diff median_diff median_frequency mfcc mse negative_turning neighbourhood_peaks
petrosian_fractal_dimension pk_pk_distance positive_turning power_bandwidth rms skewness slope
spectral_centroid spectral_decrease spectral_distance spectral_entropy spectral_kurtosis
spectral_positive_turning spectral_roll_off spectral_roll_on spectral_skewness spectral_slope
spectral_spread spectral_variation spectrogram_mean_coeff sum_abs_diff wavelet_abs_mean
wavelet_energy wavelet_entropy wavelet_std wavelet_var zero_cross""".split()

print(f"Jumlah fitur per polutan: {len(FEATURE_LIST)}")
print(f"Total target fitur keseluruhan: {len(FEATURE_LIST) * len(pollutants)}")


def to_scalar(result):
    if isinstance(result, dict) and "values" in result:
        result = result["values"]
    if isinstance(result, (list, tuple, np.ndarray)):
        arr = np.asarray(result, dtype=float)
        return float(np.nanmean(arr))
    return float(result)


def extract_one(fn_name, signal, fs):
    fn = getattr(tsfel_features, fn_name)
    params = inspect.signature(fn).parameters
    if "fs" in params:
        result = fn(signal, fs)
    else:
        result = fn(signal)
    return to_scalar(result)


# Dictionary untuk menampung seluruh hasil ekstraksi dari semua polutan
combined_row = {}

# ---------- 3. Looping untuk membersihkan dan mengekstraksi tiap polutan ----------
for pollutant in pollutants:
    print(f"\n--- Memproses polutan: {pollutant} ---")
    
    # Buat copy dataframe agar tidak saling menimpa
    df_poly = df[['date', pollutant]].copy()

    # Paksa kolom target jadi numerik
    df_poly[pollutant] = pd.to_numeric(df_poly[pollutant], errors='coerce')
    n_missing_before = df_poly[pollutant].isna().sum()
    print(f"Jumlah NaN/non-numerik pada {pollutant}: {n_missing_before}")

    # Handling outlier dengan IQR
    Q1 = df_poly[pollutant].quantile(0.25)
    Q3 = df_poly[pollutant].quantile(0.75)
    IQR = Q3 - Q1
    lower_bound = Q1 - 1.5 * IQR
    upper_bound = Q3 + 1.5 * IQR
    df_poly.loc[(df_poly[pollutant] < lower_bound) | (df_poly[pollutant] > upper_bound), pollutant] = np.nan

    # Interpolasi waktu dan cleaning
    df_clean = df_poly.set_index('date').interpolate(method='time').ffill().bfill()
    signal_1d = df_clean[pollutant].astype(float).values

    # Ekstraksi fitur dan beri prefix nama polutan (misal: NO2_abs_energy)
    for fn_name in FEATURE_LIST:
        feature_key = f"{pollutant}_{fn_name}"
        combined_row[feature_key] = extract_one(fn_name, signal_1d, fs)

# ---------- 4. Simpan ke DataFrame final (1 baris, 204 kolom) ----------
extracted_features_final = pd.DataFrame([combined_row])

print(f"\nBerhasil! Total kolom akhir yang dihasilkan: {extracted_features_final.shape[1]}")

output_filename = 'Linier-All-Pollutants-Kerek-TSFEL.csv'
extracted_features_final.to_csv(output_filename, index=False)
print(f"File berhasil disimpan sebagai: {output_filename}")
------------------


[31m---------------------------------------------------------------------------[39m
[31mFileNotFoundError[39m                         Traceback (most recent call last)
[36mCell[39m[36m [39m[32mIn[1][39m[32m, line 8[39m
[32m      4[39m [38;5;28;01mimport[39;00m tsfel.feature_extraction.features [38;5;28;01mas[39;00m tsfel_features
[32m      5[39m 
[32m      6[39m [38;5;66;03m# ---------- 1. Muat 1 file CSV utama yang berisi semua polutan ----------[39;00m
[32m      7[39m [38;5;66;03m# Sesuaikan nama file jika berbeda (misal: 'mystorage/Kerek-Clean.csv')[39;00m
[32m----> [39m[32m8[39m df = pd.read_csv([33m'mystorage/KualitasUdaraKerek_FinalClean.csv'[39m)
[32m      9[39m 
[32m     10[39m df[[33m'date'[39m] = pd.to_datetime(df[[33m'date'[39m])
[32m     11[39m df = df.sort_values([33m'date'[39m).reset_index(drop=[38;5;28;01mTrue[39;00m)

[36mFile [39m[32m~\AppData\Local\Programs\Python\Python313\Lib\site-packages\pandas\io\parsers\readers.py:1026[39m, in [36mread_csv[39m[34m(filepath_or_buffer, sep, delimiter, header, names, index_col, usecols, dtype, engine, converters, true_values, false_values, skipinitialspace, skiprows, skipfooter, nrows, na_values, keep_default_na, na_filter, verbose, skip_blank_lines, parse_dates, infer_datetime_format, keep_date_col, date_parser, date_format, dayfirst, cache_dates, iterator, chunksize, compression, thousands, decimal, lineterminator, quotechar, quoting, doublequote, escapechar, comment, encoding, encoding_errors, dialect, on_bad_lines, delim_whitespace, low_memory, memory_map, float_precision, storage_options, dtype_backend)[39m
[32m   1013[39m kwds_defaults = _refine_defaults_read(
[32m   1014[39m     dialect,
[32m   1015[39m     delimiter,
[32m   (...)[39m[32m   1022[39m     dtype_backend=dtype_backend,
[32m   1023[39m )
[32m   1024[39m kwds.update(kwds_defaults)
[32m-> [39m[32m1026[39m [38;5;28;01mreturn[39;00m [30;43m_read[39;49m[30;43m([39;49m[30;43mfilepath_or_buffer[39;49m[30;43m,[39;49m[30;43m [39;49m[30;43mkwds[39;49m[30;43m)[39;49m

[36mFile [39m[32m~\AppData\Local\Programs\Python\Python313\Lib\site-packages\pandas\io\parsers\readers.py:620[39m, in [36m_read[39m[34m(filepath_or_buffer, kwds)[39m
[32m    617[39m _validate_names(kwds.get([33m"[39m[33mnames[39m[33m"[39m, [38;5;28;01mNone[39;00m))
[32m    619[39m [38;5;66;03m# Create the parser.[39;00m
[32m--> [39m[32m620[39m parser = [30;43mTextFileReader[39;49m[30;43m([39;49m[30;43mfilepath_or_buffer[39;49m[30;43m,[39;49m[30;43m [39;49m[30;43m*[39;49m[30;43m*[39;49m[30;43mkwds[39;49m[30;43m)[39;49m
[32m    622[39m [38;5;28;01mif[39;00m chunksize [38;5;129;01mor[39;00m iterator:
[32m    623[39m     [38;5;28;01mreturn[39;00m parser

[36mFile [39m[32m~\AppData\Local\Programs\Python\Python313\Lib\site-packages\pandas\io\parsers\readers.py:1620[39m, in [36mTextFileReader.__init__[39m[34m(self, f, engine, **kwds)[39m
[32m   1617[39m     [38;5;28mself[39m.options[[33m"[39m[33mhas_index_names[39m[33m"[39m] = kwds[[33m"[39m[33mhas_index_names[39m[33m"[39m]
[32m   1619[39m [38;5;28mself[39m.handles: IOHandles | [38;5;28;01mNone[39;00m = [38;5;28;01mNone[39;00m
[32m-> [39m[32m1620[39m [38;5;28mself[39m._engine = [30;43mself[39;49m[30;43m.[39;49m[30;43m_make_engine[39;49m[30;43m([39;49m[30;43mf[39;49m[30;43m,[39;49m[30;43m [39;49m[30;43mself[39;49m[30;43m.[39;49m[30;43mengine[39;49m[30;43m)[39;49m

[36mFile [39m[32m~\AppData\Local\Programs\Python\Python313\Lib\site-packages\pandas\io\parsers\readers.py:1880[39m, in [36mTextFileReader._make_engine[39m[34m(self, f, engine)[39m
[32m   1878[39m     [38;5;28;01mif[39;00m [33m"[39m[33mb[39m[33m"[39m [38;5;129;01mnot[39;00m [38;5;129;01min[39;00m mode:
[32m   1879[39m         mode += [33m"[39m[33mb[39m[33m"[39m
[32m-> [39m[32m1880[39m [38;5;28mself[39m.handles = [30;43mget_handle[39;49m[30;43m([39;49m
[32m   1881[39m [30;43m    [39;49m[30;43mf[39;49m[30;43m,[39;49m
[32m   1882[39m [30;43m    [39;49m[30;43mmode[39;49m[30;43m,[39;49m
[32m   1883[39m [30;43m    [39;49m[30;43mencoding[39;49m[30;43m=[39;49m[30;43mself[39;49m[30;43m.[39;49m[30;43moptions[39;49m[30;43m.[39;49m[30;43mget[39;49m[30;43m([39;49m[30;43m"[39;49m[30;43mencoding[39;49m[30;43m"[39;49m[30;43m,[39;49m[30;43m [39;49m[30;43;01mNone[39;49;00m[30;43m)[39;49m[30;43m,[39;49m
[32m   1884[39m [30;43m    [39;49m[30;43mcompression[39;49m[30;43m=[39;49m[30;43mself[39;49m[30;43m.[39;49m[30;43moptions[39;49m[30;43m.[39;49m[30;43mget[39;49m[30;43m([39;49m[30;43m"[39;49m[30;43mcompression[39;49m[30;43m"[39;49m[30;43m,[39;49m[30;43m [39;49m[30;43;01mNone[39;49;00m[30;43m)[39;49m[30;43m,[39;49m
[32m   1885[39m [30;43m    [39;49m[30;43mmemory_map[39;49m[30;43m=[39;49m[30;43mself[39;49m[30;43m.[39;49m[30;43moptions[39;49m[30;43m.[39;49m[30;43mget[39;49m[30;43m([39;49m[30;43m"[39;49m[30;43mmemory_map[39;49m[30;43m"[39;49m[30;43m,[39;49m[30;43m [39;49m[30;43;01mFalse[39;49;00m[30;43m)[39;49m[30;43m,[39;49m
[32m   1886[39m [30;43m    [39;49m[30;43mis_text[39;49m[30;43m=[39;49m[30;43mis_text[39;49m[30;43m,[39;49m
[32m   1887[39m [30;43m    [39;49m[30;43merrors[39;49m[30;43m=[39;49m[30;43mself[39;49m[30;43m.[39;49m[30;43moptions[39;49m[30;43m.[39;49m[30;43mget[39;49m[30;43m([39;49m[30;43m"[39;49m[30;43mencoding_errors[39;49m[30;43m"[39;49m[30;43m,[39;49m[30;43m [39;49m[30;43m"[39;49m[30;43mstrict[39;49m[30;43m"[39;49m[30;43m)[39;49m[30;43m,[39;49m
[32m   1888[39m [30;43m    [39;49m[30;43mstorage_options[39;49m[30;43m=[39;49m[30;43mself[39;49m[30;43m.[39;49m[30;43moptions[39;49m[30;43m.[39;49m[30;43mget[39;49m[30;43m([39;49m[30;43m"[39;49m[30;43mstorage_options[39;49m[30;43m"[39;49m[30;43m,[39;49m[30;43m [39;49m[30;43;01mNone[39;49;00m[30;43m)[39;49m[30;43m,[39;49m
[32m   1889[39m [30;43m[39;49m[30;43m)[39;49m
[32m   1890[39m [38;5;28;01massert[39;00m [38;5;28mself[39m.handles [38;5;129;01mis[39;00m [38;5;129;01mnot[39;00m [38;5;28;01mNone[39;00m
[32m   1891[39m f = [38;5;28mself[39m.handles.handle

[36mFile [39m[32m~\AppData\Local\Programs\Python\Python313\Lib\site-packages\pandas\io\common.py:873[39m, in [36mget_handle[39m[34m(path_or_buf, mode, encoding, compression, memory_map, is_text, errors, storage_options)[39m
[32m    868[39m [38;5;28;01melif[39;00m [38;5;28misinstance[39m(handle, [38;5;28mstr[39m):
[32m    869[39m     [38;5;66;03m# Check whether the filename is to be opened in binary mode.[39;00m
[32m    870[39m     [38;5;66;03m# Binary mode does not support 'encoding' and 'newline'.[39;00m
[32m    871[39m     [38;5;28;01mif[39;00m ioargs.encoding [38;5;129;01mand[39;00m [33m"[39m[33mb[39m[33m"[39m [38;5;129;01mnot[39;00m [38;5;129;01min[39;00m ioargs.mode:
[32m    872[39m         [38;5;66;03m# Encoding[39;00m
[32m--> [39m[32m873[39m         handle = [30;43mopen[39;49m[30;43m([39;49m
[32m    874[39m [30;43m            [39;49m[30;43mhandle[39;49m[30;43m,[39;49m
[32m    875[39m [30;43m            [39;49m[30;43mioargs[39;49m[30;43m.[39;49m[30;43mmode[39;49m[30;43m,[39;49m
[32m    876[39m [30;43m            [39;49m[30;43mencoding[39;49m[30;43m=[39;49m[30;43mioargs[39;49m[30;43m.[39;49m[30;43mencoding[39;49m[30;43m,[39;49m
[32m    877[39m [30;43m            [39;49m[30;43merrors[39;49m[30;43m=[39;49m[30;43merrors[39;49m[30;43m,[39;49m
[32m    878[39m [30;43m            [39;49m[30;43mnewline[39;49m[30;43m=[39;49m[30;43m"[39;49m[30;43m"[39;49m[30;43m,[39;49m
[32m    879[39m [30;43m        [39;49m[30;43m)[39;49m
[32m    880[39m     [38;5;28;01melse[39;00m:
[32m    881[39m         [38;5;66;03m# Binary mode[39;00m
[32m    882[39m         handle = [38;5;28mopen[39m(handle, ioargs.mode)

[31mFileNotFoundError[39m: [Errno 2] No such file or directory: 'mystorage/KualitasUdaraKerek_FinalClean.csv'

